<?xml version="1.0" encoding="UTF-8"?>
<testsuites name="Mocha Tests" timestamp="2015-08-02T19:32:54" time="0.001" tests="1" failures="0">
  <testsuite name="#indexOf()" timestamp="2015-08-02T19:32:54" tests="1" failures="0" time="0.001">
    <testcase name="Array #indexOf() should return -1 when the value is not present" time="0.001" className="should return -1 when the value is not present">
    </testcase>
  </testsuite>
</testsuites>